// Jest Snapshot v1, https://goo.gl/fbAQLP

exports[`to match snapshot 1`] = `
<div
  id="productCharacteristics"
>
  <h5
    id="characteristics"
  >
    Product Characteristics
  </h5>
  <div
    className="characteristics-wrapper"
    id="length"
  >
    <span
      className="characteristicsLabel"
      id="lengthLabel"
    >
      Length
    </span>
    <div
      className="borderBar characteristicsBar"
      id="lengthBar"
    >
      <div
        className="triangle"
        style={
          Object {
            "left": "calc((2.5% * 25) - 10px)",
          }
        }
      />
    </div>
    <span
      className="leftEnd lengthRating"
    >
      Too short
    </span>
    <span
      className="middleEnd lengthRating"
    >
      Perfect
    </span>
    <span
      className="rightEnd lengthRating"
    >
      Too long
    </span>
  </div>
  <div
    className="characteristics-wrapper"
    id="fit"
  >
    <span
      className="characteristicsLabel"
      id="fitLabel"
    >
      Fit
    </span>
    <div
      className="borderBar characteristicsBar"
      id="fitBar"
    >
      <div
        className="triangle"
        style={
          Object {
            "left": "calc((3% * 25) - 10px)",
          }
        }
      />
    </div>
    <span
      className="leftEnd fitRating"
    >
      Too tight
    </span>
    <span
      className="middleEnd fitRating"
    >
      Perfect
    </span>
    <span
      className="rightEnd fitRating"
    >
      Too loose
    </span>
  </div>
  <div
    className="characteristics-wrapper"
    id="quality"
  >
    <span
      className="characteristicsLabel"
      id="qualityLabel"
    >
      Quality
    </span>
    <div
      className="borderBar characteristicsBar"
      id="qualityBar"
    >
      <div
        className="triangle"
        style={
          Object {
            "left": "calc((3% * 25) - 10px)",
          }
        }
      />
    </div>
    <span
      className="leftEnd qualityRating"
    >
      Poor
    </span>
    <span
      className="middleEnd qualityRating"
    >
      Average
    </span>
    <span
      className="rightEnd qualityRating"
    >
      Perfect
    </span>
  </div>
  <div
    className="characteristics-wrapper"
    id="comfort"
  >
    <span
      className="characteristicsLabel"
      id="comfortLabel"
    >
      Comfort
    </span>
    <div
      className="borderBar characteristicsBar"
      id="comfortBar"
    >
      <div
        className="triangle"
        style={
          Object {
            "left": "calc((4% * 25) - 10px)",
          }
        }
      />
    </div>
    <span
      className="leftEnd comfortRating"
    >
      Uncomfortable
    </span>
    <span
      className="middleEnd comfortRating"
    >
      Okay
    </span>
    <span
      className="rightEnd comfortRating"
    >
      Perfect
    </span>
  </div>
</div>
`;
